[nordictraining.uz/index.html]
[images.cdn-files-a.com/uploads/8437729/2000_64e09544d5c26-thumbnail.jpg]
[cdn-cms-s.f-static.net/manager/websites/site123_website/files/logos/brand_files_2020/Icons/Png/Icon_blue5ce5.png]
[images.cdn-files-a.com/uploads/8437729/800_64e08f9ac20e0de3b.png]
[images.cdn-files-a.com/uploads/8437729/800_64e08f9ac20e0893b.png]
[images.cdn-files-a.com/uploads/8437729/800_64e08f9ac20e0d19c.png]
[backblue.gif]
[fade.gif]
[index.html]
[cdn-cms-s.f-static.net/versions/2/css/minimize_mainbe5f.css]
[cdn-cms-s.f-static.net/versions/2/css/websiteCSS0e42.css]
[images.cdn-files-a.com/uploads/8437729/400_64e08f8ff219a.png]
[nordictraining.uz/biz-haqimizda.html]
[nordictraining.uz/xalqaro-nordik-universiteti-haqida.html]
[nordictraining.uz/rahbariyat-va-xodimlar.html]
[nordictraining.uz/kontakt.html]
[nordictraining.uz/hamkorlarimiz-1-1.html]
[nordictraining.uz/ro-yxatdan-o-tish.html]
[nordictraining.uz/o-qituvchi-ustozlar-uchun.html]
[nordictraining.uz/dastur-haqida-to-liq.html]
[images.cdn-files-a.com/uploads/8437729/2000_64e095ac32054-thumbnail.jpg]
[images.cdn-files-a.com/uploads/8437729/2000_64e097fe1e5ac-thumbnail.jpg]
[images.cdn-files-a.com/uploads/8437729/2000_64e09fee00f79-thumbnail.jpg]
[images.cdn-files-a.com/uploads/8437729/2000_6587c54af2b8a-thumbnail.jpg]
[static.s123-cdn-static-c.com/uploads/8437729/2000_660664467c136.png]
[images.cdn-files-a.com/uploads/8437729/800_64e0ca392b7a2-thumbnail.jpg]
[nordictraining.uz/yangiliklar/Подписаны-меморандумы-о-сотрудничестве-в-рамках-образовательной-интеграции.html]
[nordictraining.uz/yangiliklar/Узбекистан-и-Швеция-разработают-совместные-программы-подготовки-учителей.html]
[nordictraining.uz/yangiliklar/Образовательный-тур-Широко-изучена-система-образования-Финляндии-и-Швеции-1.html]
[nordictraining.uz/yangiliklar/Образовательный-тур-Широко-изучена-система-образования-Финляндии-и-Швеции.html]
[nordictraining.uz/yangiliklar.html]
[images.cdn-files-a.com/uploads/8437729/2000_pb-65ec1c83ef2c1-thumbnail.jpg]
[images.cdn-files-a.com/uploads/8437729/2000_6587bfad457ea.jpg]
[images.cdn-files-a.com/uploads/8437729/2000_6587bfad46a57.jpg]
[images.cdn-files-a.com/uploads/8437729/2000_6587bfad1e520.jpg]
[images.cdn-files-a.com/uploads/8437729/2000_6587bfad4b212.jpg]
[images.cdn-files-a.com/uploads/8437729/2000_6587bfad46c04.jpg]
[images.cdn-files-a.com/uploads/8437729/2000_6587bfad18d99.jpg]
[images.cdn-files-a.com/uploads/8437729/2000_6587bfadcc96d.jpg]
[images.cdn-files-a.com/uploads/8437729/2000_6587bfad4b0b2.jpg]
[images.cdn-files-a.com/uploads/8437729/2000_6587bfada42f2.jpg]
[images.cdn-files-a.com/uploads/8437729/2000_6587bfadcaf13.jpg]
[images.cdn-files-a.com/uploads/8437729/2000_6587bfae8f2b4.jpg]
[images.cdn-files-a.com/uploads/8437729/2000_6587bfaee84c9.jpg]
[images.cdn-files-a.com/uploads/8437729/2000_6587bfaf47f21.jpg]
[images.cdn-files-a.com/uploads/8437729/2000_6587bfafa4f7e.jpg]
[images.cdn-files-a.com/uploads/8437729/2000_6587bfb0367d7.jpg]
[images.cdn-files-a.com/uploads/8437729/2000_6587bfb09177b.jpg]
[images.cdn-files-a.com/uploads/8437729/2000_6587bfb179628.jpg]
[images.cdn-files-a.com/uploads/8437729/2000_6587bfb34de21.jpg]
[images.cdn-files-a.com/uploads/8437729/2000_6587bfb435a16.jpg]
[images.cdn-files-a.com/uploads/8437729/2000_6587bfb46aa2c.jpg]
[images.cdn-files-a.com/uploads/8437729/2000_6587bfb48e93b.jpg]
[images.cdn-files-a.com/uploads/8437729/2000_65e8219e26faa.jpg]
[images.cdn-files-a.com/uploads/8437729/2000_6587c13a68e85.jpg]
[images.cdn-files-a.com/uploads/8437729/2000_6587c13a9c564.jpg]
[images.cdn-files-a.com/uploads/8437729/2000_6587c13a9c6a5.jpg]
[images.cdn-files-a.com/uploads/8437729/2000_6587c13ac293b.jpg]
[images.cdn-files-a.com/uploads/8437729/2000_6587c1389c5bb.jpg]
[images.cdn-files-a.com/uploads/8437729/2000_6587c13841d79.jpg]
[images.cdn-files-a.com/uploads/8437729/2000_6587c138141d9_filter_65f92dca6362d.jpg]
[images.cdn-files-a.com/uploads/8437729/2000_6587c137b0046.jpg]
[images.cdn-files-a.com/uploads/8437729/2000_6587c137db689.jpg]
[images.cdn-files-a.com/uploads/8437729/2000_6587c1372996a.jpg]
[images.cdn-files-a.com/uploads/8437729/2000_6587c137859e1.jpg]
[images.cdn-files-a.com/uploads/8437729/2000_6587c137dbf9e.jpg]
[images.cdn-files-a.com/uploads/8437729/2000_6587c13820f57.jpg]
[images.cdn-files-a.com/uploads/8437729/2000_6587c13a1b8e7.jpg]
[images.cdn-files-a.com/uploads/8437729/2000_6587c13aa280c.jpg]
[images.cdn-files-a.com/uploads/8437729/2000_6587c13a7070d.jpg]
[images.cdn-files-a.com/uploads/8437729/2000_6587c13acdf63.jpg]
[images.cdn-files-a.com/uploads/8437729/2000_6587c13c20b88.jpg]
[images.cdn-files-a.com/uploads/8437729/2000_6587bfb2ed4c9.jpg]
[images.cdn-files-a.com/uploads/8437729/2000_65e8219e7c48f.jpg]
[images.cdn-files-a.com/uploads/8437729/2000_6587bfb3d07b1.jpg]
[images.cdn-files-a.com/uploads/8437729/2000_65e8219d57bfb.jpg]
[images.cdn-files-a.com/uploads/8437729/2000_65e8219d5f6e1.jpg]
[images.cdn-files-a.com/uploads/8437729/2000_65e8219d66a72.jpg]
[images.cdn-files-a.com/uploads/8437729/2000_65e8219d6f429.jpg]
[images.cdn-files-a.com/uploads/8437729/2000_65e8219d87fac.jpg]
[images.cdn-files-a.com/uploads/8437729/2000_65e8219d8b352.jpg]
[images.cdn-files-a.com/uploads/8437729/2000_65e8219d8838f.jpg]
[images.cdn-files-a.com/uploads/8437729/2000_65e8219d905d2.jpg]
[images.cdn-files-a.com/uploads/8437729/2000_65e8219d8df02.jpg]
[images.cdn-files-a.com/uploads/8437729/2000_65e8219e49423.jpg]
[images.cdn-files-a.com/uploads/8437729/2000_65e8219e837ae.jpg]
[images.cdn-files-a.com/uploads/8437729/2000_6587bfb42fa1a.jpg]
[images.cdn-files-a.com/uploads/8437729/2000_6587bfb411f33.jpg]
[nordictraining.uz/mehmonxonalar/green-star-hotel.html]
[nordictraining.uz/mehmonxonalar/hotel-arthur.html]
[nordictraining.uz/mehmonxonalar/scandic-helsinki-airport.html]
[nordictraining.uz/mehmonxonalar/grand-liza-hotel.html]
[nordictraining.uz/mehmonxonalar/best-western-plus-park-city-hammarby-sjostad.html]
[nordictraining.uz/nordictraining.uz]
[cdn-cms-s.f-static.net/versions/2/js/minimize_p1be5f.js]
[cdn-cms-s.f-static.net/versions/2/js/minimize_p2be5f.js]
[cdn-cms-s.f-static.net/versions/2/js/minimize_p3be5f.js]
[cdn-cms-s.f-static.net/versions/2/js/minimize_p4be5f.js]
[cdn-cms-s.f-static.net/versions/2/js/minimize_scriptsbe5f.js]
[nordictraining.uz/index.html]
[cdn-cms-s.f-static.net/versions/2/wizard/statistics/js/generateStats-minbe5f.js]
[cdn-cms-s.f-static.net/files/vendor/slick-1.8.1/slick/ajax-loader.gif]
[cdn-cms-s.f-static.net/versions/2/css/owl.video.play.png]
[cdn-cms-s.f-static.net/versions/2/css/minimize_mainbe5f.css]
[images.cdn-files-a.com/uploads/8437729/2000_5b44b05ab5b19.jpg]
[cdn-cms-s.f-static.net/versions/2/css/websiteCSS0e42.css]
[static.s123-cdn-static-c.com/uploads/8437729/2000_65eac0294e11e.png]
[nordictraining.uz/biz-haqimizda.html]
[images.cdn-files-a.com/uploads/8437729/800_64e5fcdc3a66b.jpg]
[nordictraining.uz/Портфолио/talabalar-hayoti.html]
[images.cdn-files-a.com/uploads/8437729/800_64e5fd35c8912.jpg]
[images.cdn-files-a.com/uploads/8437729/800_64e5fd6fd800c.jpg]
[nordictraining.uz/Портфолио/xalqaro-uchrashuvlar.html]
[nordictraining.uz/Портфолио/kitob-mutolaasi.html]
[images.cdn-files-a.com/uploads/8437729/800_64e5fd950a5fa.jpg]
[nordictraining.uz/Портфолио/bizning-universitet.html]
[images.cdn-files-a.com/uploads/8437729/800_64e5fdd5e9258.jpg]
[nordictraining.uz/Портфолио/hurmatli-mehmonlarimiz.html]
[images.cdn-files-a.com/uploads/8437729/800_64e5fe31f22a3.jpg]
[nordictraining.uz/Портфолио/finlandiya-talablari.html]
[images.cdn-files-a.com/uploads/8437729/2000_64e5ff67ba311.jpg]
[images.cdn-files-a.com/uploads/8437729/2000_64e605aa4ca94.jpg]
[images.cdn-files-a.com/uploads/8437729/2000_64e605ba76c88.jpg]
[nordictraining.uz/xalqaro-nordik-universiteti-haqida.html]
[nordictraining.uz/rahbariyat-va-xodimlar.html]
[nordictraining.uz/kontakt.html]
[nordictraining.uz/hamkorlarimiz-1-1.html]
[nordictraining.uz/ro-yxatdan-o-tish.html]
[files.cdn-files-a.com/uploads/8437729/normal_673af3ada9249.jpg]
[static.s123-cdn-static-c.com/uploads/8437729/normal_65f2f19fb5cb1_filter_65f2f1e5aabfe.jpg]
[files.cdn-files-a.com/uploads/8437729/normal_673af36a496ab.jpg]
[images.cdn-files-a.com/uploads/8437729/2000_65f44286c19f4.png]
[nordictraining.uz/ushbu-stajirovka-davomida/finlandiyaning-xelsinki-yuvaskula-va-kareliya-universitetlarida-mashg-ulotlar.html]
[images.cdn-files-a.com/uploads/8437729/400_65ec0c2350baf.png]
[nordictraining.uz/ushbu-stajirovka-davomida/shvetsiyaga-sayohat.html]
[images.cdn-files-a.com/uploads/8437729/400_65ec0c9cebdf3.png]
[nordictraining.uz/ushbu-stajirovka-davomida/stokgolm-ta-lim-muassasalari-bilan-tanishish.html]
[images.cdn-files-a.com/uploads/8437729/400_65ec0d0609664.png]
[nordictraining.uz/ushbu-stajirovka-davomida/istanbul-turkiya-universİtetlariga-tashrif-va-sayoxatlar.html]
[images.cdn-files-a.com/uploads/8437729/400_65ec0d3731bb9.png]
[images.cdn-files-a.com/uploads/8437729/800_65ec15bb2fb15.png]
[images.cdn-files-a.com/uploads/8437729/800_65fa6cc3b5eff.jpg]
[nordictraining.uz/finlandiya-universitetlari/helsinki-universiteti.html]
[nordictraining.uz/finlandiya-universitetlari/jyvÄskylÄ-ta-lim-universiteti.html]
[images.cdn-files-a.com/uploads/8437729/800_65fa72eb91a38.jpg]
[nordictraining.uz/finlandiya-universitetlari/karelia-amaliy-fanlar-universiteti.html]
[files.cdn-files-a.com/uploads/8437729/normal_673af23382b16.png]
[static.s123-cdn-static-c.com/uploads/8437729/2000_66003db42541c.png]
[static.s123-cdn-static-c.com/uploads/8437729/2000_66003f3b7ece0.png]
[static.s123-cdn-static-c.com/uploads/8437729/2000_6600433c24162.png]
[static.s123-cdn-static-c.com/uploads/8437729/2000_660044d417adb.png]
[static.s123-cdn-static-c.com/uploads/8437729/2000_66004600c8eca.png]
[images.cdn-files-a.com/uploads/8437729/2000_65ec26a3274bd.png]
[nordictraining.uz/o-qituvchi-ustozlar-uchun.html]
[static.s123-cdn-static-c.com/uploads/8437729/2000_66308822d94d5.png]
[images.cdn-files-a.com/uploads/8437729/2000_66308e2fa123e.jpg]
[images.cdn-files-a.com/uploads/8437729/2000_66308ebd784d0.jpg]
[static.s123-cdn-static-c.com/uploads/8437729/normal_6632163ae3938.png]
[images.cdn-files-a.com/uploads/8437729/800_663095fc294d8.png]
[images.cdn-files-a.com/uploads/8437729/800_663096bff3b57.png]
[images.cdn-files-a.com/uploads/8437729/800_66309786f1b2a.jpg]
[static.s123-cdn-static-c.com/uploads/8437729/2000_663099c81f231.png]
[images.cdn-files-a.com/uploads/8437729/2000_66309c3257dbf.jpg]
[nordictraining.uz/dastur-haqida-to-liq.html]
[cdn-cms-s.f-static.net/versions/2/css/minimize-databe5f.css]
[images.cdn-files-a.com/uploads/8437729/2000_65e8225cd0b30.jpg]
[static.s123-cdn-static-c.com/uploads/8437729/normal_65e82273a58db.jpg]
[static.s123-cdn-static-c.com/uploads/8437729/normal_65e8228fc3fdc.jpg]
[static.s123-cdn-static-c.com/uploads/8437729/normal_65e8231b71c26.jpg]
[static.s123-cdn-static-c.com/uploads/8437729/normal_65e82341de78d.jpg]
[static.s123-cdn-static-c.com/uploads/8437729/normal_65e82385afffb.jpg]
[static.s123-cdn-static-c.com/uploads/8437729/normal_65e8239073ac2.jpg]
[images.cdn-files-a.com/uploads/8437729/400_6587c325ea202.jpg]
[images.cdn-files-a.com/uploads/8437729/400_6587c24c00cfd.jpg]
[images.cdn-files-a.com/uploads/8437729/400_6587c088c206d.jpg]
[nordictraining.uz/yangiliklar/64e073c028906.site123.a0.delayed]
[nordictraining.uz/yangiliklar/Подписаны-меморандумы-о-сотрудничестве-в-рамках-образовательной-интеграции.html]
[cdn-cms-s.f-static.net/versions/2/js/minimize-databe5f.js]
[images.cdn-files-a.com/uploads/8437729/2000_6587c325ea202.jpg]
[images.cdn-files-a.com/uploads/8437729/400_65e8225cd0b30.jpg]
[nordictraining.uz/yangiliklar/Узбекистан-и-Швеция-разработают-совместные-программы-подготовки-учителей.html]
[images.cdn-files-a.com/uploads/8437729/2000_6587c24c00cfd.jpg]
[static.s123-cdn-static-c.com/uploads/8437729/normal_6587c2522f485.jpg]
[static.s123-cdn-static-c.com/uploads/8437729/normal_6587c27235a46.jpg]
[static.s123-cdn-static-c.com/uploads/8437729/normal_6587c288b2108.jpg]
[static.s123-cdn-static-c.com/uploads/8437729/normal_6587c29265e38.jpg]
[static.s123-cdn-static-c.com/uploads/8437729/normal_6587c29c9f89a.jpg]
[static.s123-cdn-static-c.com/uploads/8437729/normal_6587c2a64b2f5.jpg]
[nordictraining.uz/yangiliklar/Образовательный-тур-Широко-изучена-система-образования-Финляндии-и-Швеции-1.html]
[images.cdn-files-a.com/uploads/8437729/2000_6587c088c206d.jpg]
[nordictraining.uz/yangiliklar/Образовательный-тур-Широко-изучена-система-образования-Финляндии-и-Швеции.html]
[nordictraining.uz/yangiliklar/Изучаются-перспективы-внедрения-финской-системы-образования-в-Узбекистане.html]
[nordictraining.uz/yangiliklar/Курс-обучения-успешно-пройден-1.html]
[nordictraining.uz/yangiliklar/Продвинутый-курс-уникальные-аспекты-финской-системы-образования-новые-знания-и-выводы.html]
[nordictraining.uz/yangiliklar/Курс-обучения-успешно-пройден.html]
[nordictraining.uz/yangiliklar.html]
[nordictraining.uz/yangiliklar/Международный-университет-Нордик-с-чем-является-международным.html]
[nordictraining.uz/mehmonxonalar.html]
[images.cdn-files-a.com/uploads/8437729/800_65f3d33f93320.png]
[static.s123-cdn-static-c.com/uploads/8437729/2000_64e4d66c0b506.jpg]
[static.s123-cdn-static-c.com/uploads/8437729/2000_64e4d675b0774.jpg]
[static.s123-cdn-static-c.com/uploads/8437729/2000_64e4d67dd53c5.jpg]
[static.s123-cdn-static-c.com/uploads/8437729/2000_64e4d689eae52.jpg]
[static.s123-cdn-static-c.com/uploads/8437729/2000_64e4d69c2710d.png]
[nordictraining.uz/mehmonxonalar/nordictraining.uz]
[nordictraining.uz/mehmonxonalar/green-star-hotel.html]
[images.cdn-files-a.com/uploads/8437729/800_65f3d348016a7.png]
[static.s123-cdn-static-c.com/uploads/8437729/2000_64e4d6f78a715.png]
[static.s123-cdn-static-c.com/uploads/8437729/2000_64e4d7032c9e6.jpg]
[static.s123-cdn-static-c.com/uploads/8437729/2000_64e4d70b2dbd8.jpg]
[static.s123-cdn-static-c.com/uploads/8437729/2000_64e4d7167e4c3.jpg]
[static.s123-cdn-static-c.com/uploads/8437729/2000_64e4d71deffb1.png]
[static.s123-cdn-static-c.com/uploads/8437729/2000_64e4d7396fc9e.jpg]
[static.s123-cdn-static-c.com/uploads/8437729/2000_64e4d74996f63.jpg]
[static.s123-cdn-static-c.com/uploads/8437729/2000_64e4d7558f9f0.png]
[static.s123-cdn-static-c.com/uploads/8437729/2000_64e4d75fdfa86.png]
[nordictraining.uz/mehmonxonalar/scandic-helsinki-airport.html]
[images.cdn-files-a.com/uploads/8437729/800_65f3d3544e528.png]
[static.s123-cdn-static-c.com/uploads/8437729/2000_65e61859b0003.png]
[static.s123-cdn-static-c.com/uploads/8437729/2000_65e6186ea73ec.png]
[static.s123-cdn-static-c.com/uploads/8437729/2000_65e618e36e1c2.png]
[static.s123-cdn-static-c.com/uploads/8437729/2000_65e618f0d0713.png]
[nordictraining.uz/mehmonxonalar/hotel-arthur.html]
[images.cdn-files-a.com/uploads/8437729/800_65f3d366cf0fc.png]
[static.s123-cdn-static-c.com/uploads/8437729/2000_65e61c789ed74.jpg]
[static.s123-cdn-static-c.com/uploads/8437729/2000_65e61c81b5a97.jpg]
[static.s123-cdn-static-c.com/uploads/8437729/2000_65e61c89ac264.jpg]
[static.s123-cdn-static-c.com/uploads/8437729/2000_65e61c902d6e2.jpg]
[static.s123-cdn-static-c.com/uploads/8437729/2000_65e61c9844507.jpg]
[nordictraining.uz/mehmonxonalar/best-western-plus-park-city-hammarby-sjostad.html]
[images.cdn-files-a.com/uploads/8437729/800_65f3d36dab156.png]
[static.s123-cdn-static-c.com/uploads/8437729/2000_65e61e3a9d5f8.jpg]
[static.s123-cdn-static-c.com/uploads/8437729/2000_65e61e4326750.jpg]
[static.s123-cdn-static-c.com/uploads/8437729/2000_65e61e5e0a27c.jpg]
[static.s123-cdn-static-c.com/uploads/8437729/2000_65e61e795afd6.jpg]
[nordictraining.uz/mehmonxonalar/grand-liza-hotel.html]
[nordictraining.uz/nordictraining.uz]
[cdn-cms-s.f-static.net/versions/2/css/owl.video.play.html]
[nordictraining.uz/Портфолио/talabalar-hayoti.html]
[nordictraining.uz/Портфолио.html]
[nordictraining.uz/Портфолио/64e073c028906.site123.d4.delayed]
[nordictraining.uz/Портфолио/xalqaro-uchrashuvlar.html]
[nordictraining.uz/Портфолио/kitob-mutolaasi.html]
[nordictraining.uz/Портфолио/bizning-universitet.html]
[nordictraining.uz/Портфолио/hurmatli-mehmonlarimiz.html]
[nordictraining.uz/Портфолио/finlandiya-talablari.html]
[nordictraining.uz/ushbu-stajirovka-davomida.html]
[images.cdn-files-a.com/uploads/8437729/800_65ec0c2350baf.png]
[nordictraining.uz/ushbu-stajirovka-davomida/nordictraining.uz]
[nordictraining.uz/ushbu-stajirovka-davomida/finlandiyaning-xelsinki-yuvaskula-va-kareliya-universitetlarida-mashg-ulotlar.html]
[images.cdn-files-a.com/uploads/8437729/800_65ec0c9cebdf3.png]
[nordictraining.uz/ushbu-stajirovka-davomida/shvetsiyaga-sayohat.html]
[images.cdn-files-a.com/uploads/8437729/800_65ec0d0609664.png]
[nordictraining.uz/ushbu-stajirovka-davomida/stokgolm-ta-lim-muassasalari-bilan-tanishish.html]
[images.cdn-files-a.com/uploads/8437729/800_65ec0d3731bb9.png]
[nordictraining.uz/ushbu-stajirovka-davomida/istanbul-turkiya-universİtetlariga-tashrif-va-sayoxatlar.html]
[nordictraining.uz/finlandiya-universitetlari.html]
[nordictraining.uz/finlandiya-universitetlari/64e073c028906.site123.dc.delayed]
[nordictraining.uz/finlandiya-universitetlari/helsinki-universiteti.html]
[nordictraining.uz/finlandiya-universitetlari/jyvÄskylÄ-ta-lim-universiteti.html]
[nordictraining.uz/finlandiya-universitetlari/karelia-amaliy-fanlar-universiteti.html]
[cdn-cms-s.f-static.net/versions/2/css/minimize-databe5f.css]
[nordictraining.uz/yangiliklar/nordictraining.uz]
[images.cdn-files-a.com/uploads/8437729/2000_6587c1c03c220.jpg]
[static.s123-cdn-static-c.com/uploads/8437729/normal_6587c1cce5805-thumbnail.jpg]
[nordictraining.uz/yangiliklar/Изучаются-перспективы-внедрения-финской-системы-образования-в-Узбекистане.html]
[images.cdn-files-a.com/uploads/8437729/2000_6587bd1202342.jpg]
[static.s123-cdn-static-c.com/uploads/8437729/normal_6587bd1952c83.jpg]
[static.s123-cdn-static-c.com/uploads/8437729/normal_6587bd24d13d2.jpg]
[static.s123-cdn-static-c.com/uploads/8437729/normal_6587bd2e7ff1f.jpg]
[static.s123-cdn-static-c.com/uploads/8437729/normal_6587bd383ea21.jpg]
[static.s123-cdn-static-c.com/uploads/8437729/normal_6587bd491ad6f.jpg]
[nordictraining.uz/yangiliklar/Курс-обучения-успешно-пройден-1.html]
[images.cdn-files-a.com/uploads/8437729/2000_6587bc066b006.jpg]
[static.s123-cdn-static-c.com/uploads/8437729/normal_6587bc5a7b8c6-thumbnail.jpg]
[static.s123-cdn-static-c.com/uploads/8437729/normal_6587bc69836bc.jpg]
[static.s123-cdn-static-c.com/uploads/8437729/normal_6587bc7bd4fa1.jpg]
[static.s123-cdn-static-c.com/uploads/8437729/normal_6587bc860b3e4.jpg]
[nordictraining.uz/yangiliklar/Продвинутый-курс-уникальные-аспекты-финской-системы-образования-новые-знания-и-выводы.html]
[images.cdn-files-a.com/uploads/8437729/2000_6587bae577076.jpg]
[static.s123-cdn-static-c.com/uploads/8437729/normal_6587baf76f090.jpg]
[static.s123-cdn-static-c.com/uploads/8437729/normal_6587bb0a64d12.jpg]
[static.s123-cdn-static-c.com/uploads/8437729/normal_6587bb1b65714.jpg]
[static.s123-cdn-static-c.com/uploads/8437729/normal_6587bb295b5e0.jpg]
[nordictraining.uz/yangiliklar/Курс-обучения-успешно-пройден.html]
[images.cdn-files-a.com/uploads/8437729/2000_6587befed2ed5.jpg]
[nordictraining.uz/yangiliklar/Международный-университет-Нордик-с-чем-является-международным.html]
[nordictraining.uz/mehmonxonalar.html]
[nordictraining.uz/mehmonxonalar/nordictraining.uz]
[nordictraining.uz/Портфолио.html]
[nordictraining.uz/Портфолио/nordictraining.uz]
[nordictraining.uz/ushbu-stajirovka-davomida.html]
[nordictraining.uz/ushbu-stajirovka-davomida/nordictraining.uz]
[nordictraining.uz/finlandiya-universitetlari.html]
[nordictraining.uz/finlandiya-universitetlari/nordictraining.uz]
